Microchip MPLAB XC8 Compiler V2.32

Linker command line:

-W-3 --edf=/opt/microchip/xc8/v2.32/pic/dat/en_msgs.txt -cn \
  -h+dist/default/production/STOPWATCH.X.production.sym \
  --cmf=dist/default/production/STOPWATCH.X.production.cmf -z -Q16F628A \
  -o/tmp/xcXbDceKj --defsym=__MPLAB_BUILD=1 \
  -Mdist/default/production/STOPWATCH.X.production.map -E1 \
  -ver=XC8 Compiler --acfsm=1493 -ASTACK=0A0h-0EFh -pstack=STACK \
  -ACODE=00h-07FFh -ASTRCODE=00h-07FFh -ASTRING=00h-0FFhx8 \
  -ACONST=00h-0FFhx8 -AENTRY=00h-0FFhx8 -ACOMMON=070h-07Fh \
  -ABANK0=020h-06Fh -ABANK1=0A0h-0EFh -ABANK2=0120h-014Fh \
  -ARAM=020h-06Fh,0A0h-0EFh,0120h-014Fh \
  -AABS1=020h-07Fh,0A0h-0EFh,0120h-014Fh -ASFR0=00h-01Fh -ASFR1=080h-09Fh \
  -ASFR2=0100h-011Fh -ASFR3=0180h-01EFh -ACONFIG=02007h-02007h -DCONFIG=2 \
  -AIDLOC=02000h-02003h -DIDLOC=2 -AEEDATA=00h-07Fh/02100h \
  -peeprom_data=EEDATA -DEEDATA=2 -DCODE=2 -DSTRCODE=2 -DSTRING=2 -DCONST=2 \
  -DENTRY=2 -preset_vec=00h,intentry,init,end_init -ppowerup=CODE \
  -pcinit=CODE -pfunctab=ENTRY -k /tmp/xcXkGeBic.o \
  dist/default/production/STOPWATCH.X.production.o 

Object code version is 3.11

Machine type is 16F628A



                Name                               Link     Load   Length Selector   Space Scale
/tmp/xcXkGeBic.o
                end_init                              0        0        1        0       0
                config                             2007     2007        1        0       4
dist/default/production/STOPWATCH.X.production.o
                cinit                               7F5      7F5        B      FEA       0
                config                             2007     2007        1        0       4
                text16                              4FA      4FA        B      9F4       0
                text15                              505      505       1C      A0A       0
                text14                              5C9      5C9       3A      B92       0
                text13                              55A      55A       36      AB4       0
                text12                              4EA      4EA        8      9D4       0
                text11                              4E5      4E5        5      9CA       0
                text10                              4E1      4E1        4      9C2       0
                text9                               521      521       1C      A42       0
                text8                               78E      78E       67      F1C       0
                text7                               6D8      6D8       59      DB0       0
                text6                               63D      63D       44      C7A       0
                text5                               603      603       3A      C06       0
                text4                               681      681       57      D02       0
                text3                               731      731       5D      E62       0
                text2                               590      590       39      B20       0
                text1                               53D      53D       1D      A7A       0
                maintext                            4F2      4F2        8      9E4       0
                cstackBANK0                          27       27        5       20       1
                cstackCOMMON                         70       70        E       70       1
                bssBANK0                             20       20        7       20       1

TOTAL           Name                               Link     Load   Length     Space
        CLASS   STACK          

        CLASS   CODE           
                end_init                              0        0        1         0
                cinit                               7F5      7F5        B         0
                text16                              4FA      4FA        B         0
                text15                              505      505       1C         0
                text14                              5C9      5C9       3A         0
                text13                              55A      55A       36         0
                text12                              4EA      4EA        8         0
                text11                              4E5      4E5        5         0
                text10                              4E1      4E1        4         0
                text9                               521      521       1C         0
                text8                               78E      78E       67         0
                text7                               6D8      6D8       59         0
                text6                               63D      63D       44         0
                text5                               603      603       3A         0
                text4                               681      681       57         0
                text3                               731      731       5D         0
                text2                               590      590       39         0
                text1                               53D      53D       1D         0
                maintext                            4F2      4F2        8         0

        CLASS   STRCODE        

        CLASS   STRING         

        CLASS   CONST          

        CLASS   ENTRY          

        CLASS   COMMON         
                cstackCOMMON                         70       70        E         1

        CLASS   BANK0          
                cstackBANK0                          27       27        5         1
                bssBANK0                             20       20        7         1

        CLASS   BANK1          

        CLASS   BANK2          

        CLASS   RAM            

        CLASS   ABS1           
                abs_s1                               7E       7E        2         1

        CLASS   SFR0           

        CLASS   SFR1           

        CLASS   SFR2           

        CLASS   SFR3           

        CLASS   CONFIG         
                config                             2007     2007        1         4

        CLASS   IDLOC          

        CLASS   EEDATA         

        CLASS   BANK3          



SEGMENTS        Name                           Load    Length   Top    Selector   Space  Class     Delta

                text16                         0004FA  00000B  000505       9F4       0  CODE        2
                text15                         000505  00001C  000521       A0A       0  CODE        2
                text1                          00053D  00001D  00055A       A7A       0  CODE        2
                text9                          000521  00001C  00053D       A42       0  CODE        2
                reset_vec                      000000  000001  000001         0       0  CODE        2
                maintext                       0004F2  000008  0004FA       9E4       0  CODE        2
                text13                         00055A  000036  000590       AB4       0  CODE        2
                text2                          000590  000039  0005C9       B20       0  CODE        2
                text12                         0004EA  000008  0004F2       9D4       0  CODE        2
                text10                         0004E1  000004  0004E5       9C2       0  CODE        2
                text11                         0004E5  000005  0004EA       9CA       0  CODE        2
                text14                         0005C9  00003A  000603       B92       0  CODE        2
                text8                          00078E  000067  0007F5       F1C       0  CODE        2
                bssBANK0                       000020  00000C  00002C        20       1  BANK0       1
                cinit                          0007F5  00000B  000800       FEA       0  CODE        2
                cstackCOMMON                   000070  00000E  00007E        70       1  COMMON      1
                text6                          00063D  000044  000681       C7A       0  CODE        2
                text5                          000603  00003A  00063D       C06       0  CODE        2
                text4                          000681  000057  0006D8       D02       0  CODE        2
                text3                          000731  00005D  00078E       E62       0  CODE        2
                text7                          0006D8  000059  000731       DB0       0  CODE        2


UNUSED ADDRESS RANGES

        Name                Unused          Largest block    Delta
        BANK0            002C-006F             44           1
        BANK1            00A0-00EF             50           1
        BANK2            0120-014F             30           1
        CODE             0001-04E0            4E0           2
        CONST            0001-04E0            100           2
        EEDATA           2100-217F             80           2
        ENTRY            0001-04E0            100           2
        IDLOC            2000-2003              4           2
        RAM              002C-006F             44           1
                         00A0-00EF             50
                         0120-014F             30
        SFR0             0000-001F             20           1
        SFR1             0080-009F             20           1
        SFR2             0100-011F             20           1
        SFR3             0180-01EF             70           1
        STACK            00A0-00EF             50           1
        STRCODE          0001-04E0            4E0           2
        STRING           0001-04E0            100           2

                                  Symbol Table

?___awdiv                      cstackCOMMON 0070
?___awmod                      cstackCOMMON 0070
?___lwdiv                      cstackCOMMON 0070
?___lwmod                      cstackCOMMON 0078
_CMCON                         (abs)        001F
_INTCONbits                    (abs)        000B
_PORTA                         (abs)        0005
_PORTAbits                     (abs)        0005
_PORTB                         (abs)        0006
_PORTBbits                     (abs)        0006
_TRISA                         (abs)        0085
_TRISB                         (abs)        0086
__Habs1                        abs1         0000
__Hbank0                       bank0        0000
__Hbank1                       bank1        0000
__Hbank2                       bank2        0000
__Hbank3                       bank3        0000
__HbssBANK0                    bssBANK0     0000
__Hcinit                       cinit        0800
__Hclrtext                     clrtext      0000
__Hcode                        code         0000
__Hcommon                      common       0000
__Hconfig                      config       2008
__HcstackBANK0                 cstackBANK0  0000
__HcstackCOMMON                cstackCOMMON 0000
__Heeprom_data                 eeprom_data  0000
__Hend_init                    end_init     0001
__Hfunctab                     functab      0000
__Hinit                        init         0000
__Hintentry                    intentry     0000
__Hmaintext                    maintext     0000
__Hpowerup                     powerup      0000
__Hram                         ram          0000
__Hreset_vec                   reset_vec    0000
__Hsfr0                        sfr0         0000
__Hsfr1                        sfr1         0000
__Hsfr2                        sfr2         0000
__Hsfr3                        sfr3         0000
__Hspace_0                     (abs)        0800
__Hspace_1                     (abs)        007E
__Hspace_2                     (abs)        0000
__Hspace_3                     (abs)        0000
__Hspace_4                     (abs)        400F
__Hstack                       stack        0000
__Hstrings                     strings      0000
__Htext                        text         0000
__Labs1                        abs1         0000
__Lbank0                       bank0        0000
__Lbank1                       bank1        0000
__Lbank2                       bank2        0000
__Lbank3                       bank3        0000
__LbssBANK0                    bssBANK0     0000
__Lcinit                       cinit        07F5
__Lclrtext                     clrtext      0000
__Lcode                        code         0000
__Lcommon                      common       0000
__Lconfig                      config       0000
__LcstackBANK0                 cstackBANK0  0000
__LcstackCOMMON                cstackCOMMON 0000
__Leeprom_data                 eeprom_data  0000
__Lend_init                    end_init     0000
__Lfunctab                     functab      0000
__Linit                        init         0000
__Lintentry                    intentry     0000
__Lmaintext                    maintext     0000
__Lpowerup                     powerup      0000
__Lram                         ram          0000
__Lreset_vec                   reset_vec    0000
__Lsfr0                        sfr0         0000
__Lsfr1                        sfr1         0000
__Lsfr2                        sfr2         0000
__Lsfr3                        sfr3         0000
__Lspace_0                     (abs)        0000
__Lspace_1                     (abs)        0000
__Lspace_2                     (abs)        0000
__Lspace_3                     (abs)        0000
__Lspace_4                     (abs)        0000
__Lstack                       stack        0000
__Lstrings                     strings      0000
__Ltext                        text         0000
__S0                           (abs)        0800
__S1                           (abs)        007E
__S2                           (abs)        0000
__S3                           (abs)        0000
___awdiv                       text8        078E
___awdiv@counter               cstackCOMMON 0075
___awdiv@dividend              cstackCOMMON 0072
___awdiv@divisor               cstackCOMMON 0070
___awdiv@quotient              cstackCOMMON 0077
___awdiv@sign                  cstackCOMMON 0076
___awmod                       text7        06D8
___awmod@counter               cstackCOMMON 0075
___awmod@dividend              cstackCOMMON 0072
___awmod@divisor               cstackCOMMON 0070
___awmod@sign                  cstackCOMMON 0076
___int_sp                      stack        0000
___latbits                     (abs)        0000
___lwdiv                       text6        063D
___lwdiv@counter               cstackCOMMON 0077
___lwdiv@dividend              cstackCOMMON 0072
___lwdiv@divisor               cstackCOMMON 0070
___lwdiv@quotient              cstackCOMMON 0075
___lwmod                       text5        0603
___lwmod@counter               cstackCOMMON 007D
___lwmod@dividend              cstackCOMMON 007A
___lwmod@divisor               cstackCOMMON 0078
___sp                          stack        0000
___stackhi                     (abs)        0000
___stacklo                     (abs)        0000
__end_of___awdiv               text8        07F5
__end_of___awmod               text7        0731
__end_of___lwdiv               text6        0681
__end_of___lwmod               text5        063D
__end_of__initialization       cinit        07FE
__end_of_configure             text16       0505
__end_of_format_time           text4        06D8
__end_of_get_btn_pressed       text13       0590
__end_of_get_mask              text15       0521
__end_of_handle_btn_pressing   text9        053D
__end_of_is_btn_bounce         text14       0603
__end_of_main                  maintext     04FA
__end_of_reset_stopwatch       text12       04F2
__end_of_set_disp_digit_value  text3        078E
__end_of_start_stopwatch       text11       04EA
__end_of_stop_stopwatch        text10       04E5
__end_of_update_disp           text2        05C9
__end_of_update_time_counter   text1        055A
__initialization               cinit        07F5
__pbssBANK0                    bssBANK0     0020
__pcstackBANK0                 cstackBANK0  0027
__pcstackCOMMON                cstackCOMMON 0070
__pmaintext                    maintext     04F2
__ptext1                       text1        053D
__ptext10                      text10       04E1
__ptext11                      text11       04E5
__ptext12                      text12       04EA
__ptext13                      text13       055A
__ptext14                      text14       05C9
__ptext15                      text15       0505
__ptext16                      text16       04FA
__ptext2                       text2        0590
__ptext3                       text3        0731
__ptext4                       text4        0681
__ptext5                       text5        0603
__ptext6                       text6        063D
__ptext7                       text7        06D8
__ptext8                       text8        078E
__ptext9                       text9        0521
__size_of___awdiv              (abs)        0000
__size_of___awmod              (abs)        0000
__size_of___lwdiv              (abs)        0000
__size_of___lwmod              (abs)        0000
__size_of_configure            (abs)        0000
__size_of_format_time          (abs)        0000
__size_of_get_btn_pressed      (abs)        0000
__size_of_get_mask             (abs)        0000
__size_of_handle_btn_pressing  (abs)        0000
__size_of_is_btn_bounce        (abs)        0000
__size_of_main                 (abs)        0000
__size_of_reset_stopwatch      (abs)        0000
__size_of_set_disp_digit_value (abs)        0000
__size_of_start_stopwatch      (abs)        0000
__size_of_stop_stopwatch       (abs)        0000
__size_of_update_disp          (abs)        0000
__size_of_update_time_counter  (abs)        0000
_configure                     text16       04FA
_format_time                   text4        0681
_formatted_time                bssBANK0     0020
_get_btn_pressed               text13       055A
_get_mask                      text15       0505
_handle_btn_pressing           text9        0521
_is_btn_bounce                 text14       05C9
_is_timer_work                 bssBANK0     0025
_main                          maintext     04F2
_reset_stopwatch               text12       04EA
_set_disp_digit_value          text3        0731
_start_stopwatch               text11       04E5
_stop_stopwatch                text10       04E1
_time_ms                       bssBANK0     0023
_update_disp                   text2        0590
_update_time_counter           text1        053D
btemp                          (abs)        007E
end_of_initialization          cinit        07FE
format_time@cashed_value       cstackBANK0  002A
get_btn_pressed@btn            cstackCOMMON 007A
get_mask@btn                   cstackCOMMON 0071
get_mask@mask                  cstackCOMMON 0072
handle_btn_pressing@btn        cstackCOMMON 0072
intlevel0                      functab      0000
intlevel1                      functab      0000
intlevel2                      functab      0000
intlevel3                      functab      0000
intlevel4                      functab      0000
intlevel5                      functab      0000
is_btn_bounce@btn              cstackCOMMON 0074
is_btn_bounce@i                cstackCOMMON 0076
is_btn_bounce@is_bounce        cstackCOMMON 0078
is_btn_bounce@mask             cstackCOMMON 0075
reset_vec                      reset_vec    0000
set_disp_digit_value@value     cstackCOMMON 0072
start                          init         0000
start_initialization           cinit        07F5
wtemp0                         (abs)        007E


MODULE INFORMATION

Module		Function		Class		Link	Load	Size
/opt/microchip/xc8/v2.32/pic/sources/c90/common/lwdiv.c
		___lwdiv       		CODE           	063D	0000	68

/opt/microchip/xc8/v2.32/pic/sources/c90/common/lwdiv.c estimated size: 68

/opt/microchip/xc8/v2.32/pic/sources/c90/common/awdiv.c
		___awdiv       		CODE           	078E	0000	103

/opt/microchip/xc8/v2.32/pic/sources/c90/common/awdiv.c estimated size: 103

stopwatch.c
		_start_stopwatch		CODE           	04E5	0000	5
		_stop_stopwatch		CODE           	04E1	0000	4
		_reset_stopwatch		CODE           	04EA	0000	8
		_format_time   		CODE           	0681	0000	87
		_update_time_counter		CODE           	053D	0000	29

stopwatch.c estimated size: 133

buttons.c
		_handle_btn_pressing		CODE           	0521	0000	28
		_is_btn_bounce 		CODE           	05C9	0000	58
		_get_btn_pressed		CODE           	055A	0000	54
		_get_mask      		CODE           	0505	0000	28

buttons.c estimated size: 168

shared
		__initialization		CODE           	07F5	0000	9

shared estimated size: 9

/opt/microchip/xc8/v2.32/pic/sources/c90/common/lwmod.c
		___lwmod       		CODE           	0603	0000	58

/opt/microchip/xc8/v2.32/pic/sources/c90/common/lwmod.c estimated size: 58

/opt/microchip/xc8/v2.32/pic/sources/c90/common/awmod.c
		___awmod       		CODE           	06D8	0000	89

/opt/microchip/xc8/v2.32/pic/sources/c90/common/awmod.c estimated size: 89

display.c
		_set_disp_digit_value		CODE           	0731	0000	93
		_update_disp   		CODE           	0590	0000	57

display.c estimated size: 150

main.c
		_configure     		CODE           	04FA	0000	11
		_main          		CODE           	04F2	0000	8

main.c estimated size: 19

